#At time x process y state arr w total z remain y wait k
At time 1 process 1 started arr 1 total 20 remain 20 wait 0
At time 5 process 2 started arr 2 total 20 remain 20 wait 3
At time 14 process 2 stopped arr 2 total 20 remain 11 wait 3
At time 15 process 2 resumed arr 2 total 20 remain 11 wait 4
At time 18 process 2 stopped arr 2 total 20 remain 8 wait 4
At time 19 process 1 resumed arr 1 total 20 remain 17 wait 15
At time 22 process 1 stopped arr 1 total 20 remain 14 wait 15
At time 23 process 2 resumed arr 2 total 20 remain 8 wait 9
At time 26 process 2 stopped arr 2 total 20 remain 5 wait 9
At time 27 process 1 resumed arr 1 total 20 remain 14 wait 20
At time 30 process 1 stopped arr 1 total 20 remain 11 wait 20
At time 31 process 2 resumed arr 2 total 20 remain 5 wait 14
At time 34 process 2 stopped arr 2 total 20 remain 2 wait 14
At time 35 process 1 resumed arr 1 total 20 remain 11 wait 25
At time 38 process 1 stopped arr 1 total 20 remain 8 wait 25
At time 39 process 2 resumed arr 2 total 20 remain 2 wait 19
At time 41 process 2 finished arr 2 total 20 remain 0 wait 19 TA 39 WTA 1.95
At time 42 process 1 resumed arr 1 total 20 remain 8 wait 29
At time 50 process 1 finished arr 1 total 20 remain 0 wait 29 TA 49 WTA 2.45
